// Jest Snapshot v1, https://goo.gl/fbAQLP

exports[`Space Invaders Should render correctly 1`] = `ShallowWrapper {}`;
